[backblue.gif]
[fade.gif]
[index.html]
[www.ienergizerbpo.com/bundles/modernizr0cf5]
[www.ienergizerbpo.com/favicons/favicon.ico]
[www.ienergizerbpo.com/fonts/FontAwesome.otf]
[www.ienergizerbpo.com/fonts/glyphicons-halflings-regular.ttf]
[www.ienergizerbpo.com/bundles/MsAjaxJs604f]
[www.ienergizerbpo.com/scripts/jquery-3.7.0.min.js]
[www.ienergizerbpo.com/bundles/WebFormsJsa1eb]
[www.ienergizerbpo.com/images/images-logo.png]
[www.ienergizerbpo.com/images/images-loader_new.png]
[www.ienergizerbpo.com/images/images-loader_top_fade.png]
[www.ienergizerbpo.com/images/home-slide-one.jpg]
[www.ienergizerbpo.com/images/homeslider.jpg]
[www.ienergizerbpo.com/images/home-slide-three_1.jpg]
[www.ienergizerbpo.com/images/images-mind_img.png]
[www.ienergizerbpo.com/images/images-indusrty-img.png]
[www.ienergizerbpo.com/images/images-tech_img.png]
[www.ienergizerbpo.com/images/files-bpo_0.jpg]
[www.ienergizerbpo.com/images/gaming-sildeimg.jpg]
[www.ienergizerbpo.com/images/sprites.png]
[www.ienergizerbpo.com/images/consumer.jpg]
[www.ienergizerbpo.com/images/automobiles-sildeimg.jpg]
[www.ienergizerbpo.com/images/healthcare-sildeimg.jpg]
[www.ienergizerbpo.com/images/eCommerce-home.jpg]
[www.ienergizerbpo.com/images/travel.jpg]
[www.ienergizerbpo.com/images/telecom-silde-img.jpg]
[www.ienergizerbpo.com/images/dth-home.jpg]
[www.ienergizerbpo.com/images/solution-bg_0.jpg]
[www.ienergizerbpo.com/images/files-home-solutionsanalytics.jpg]
[www.ienergizerbpo.com/images/files-home-solution-Automation.jpg]
[www.ienergizerbpo.com/images/files-home-solutionmultilingual.jpg]
[www.ienergizerbpo.com/images/files-home-solutionsocialmedia.jpg]
[www.ienergizerbpo.com/images/files-home-solutionselfservice.jpg]
[www.ienergizerbpo.com/images/images-asia_awd_home.jpg]
[www.ienergizerbpo.com/images/images-great_place.jpg]
[www.ienergizerbpo.com/images/images-Kapil_pal_news.jpg]
[www.ienergizerbpo.com/images/Adarsh_Awards-2025.jpg]
[www.ienergizerbpo.com/images/corp_bg.jpg]
[www.ienergizerbpo.com/images/images-a_1.jpg]
[www.ienergizerbpo.com/images/images-a_2.jpg]
[www.ienergizerbpo.com/images/images-a_3.jpg]
[www.ienergizerbpo.com/images/images-a_4.jpg]
[www.ienergizerbpo.com/images/images-a_5.jpg]
[www.ienergizerbpo.com/images/images-a_6.jpg]
[www.ienergizerbpo.com/images/images-a_7.jpg]
[www.ienergizerbpo.com/images/images-1.jpg]
[www.ienergizerbpo.com/images/images-2.jpg]
[www.ienergizerbpo.com/images/images-4.jpg]
[www.ienergizerbpo.com/images/images-5.jpg]
[www.ienergizerbpo.com/images/images-ienergizer_it.jpg]
[www.ienergizerbpo.com/images/files-logo-visit_0.png]
[www.ienergizerbpo.com/js/js-jquery-3.7.0.min.js]
[www.ienergizerbpo.com/js/js-bootstrap.min.js]
[www.ienergizerbpo.com/js/js-owl.carousel.js]
[www.ienergizerbpo.com/js/js-wow.js]
[www.ienergizerbpo.com/js/js-waypoints.js]
[www.ienergizerbpo.com/js/js-counterup.js]
[www.ienergizerbpo.com/js/js-jquery.fancybox.js]
[www.ienergizerbpo.com/js/js-jquery-jvectormap-2.0.3.min.js]
[www.ienergizerbpo.com/js/js-jquery-jvectormap-world-mill.js]
[www.ienergizerbpo.com/js/js-custom.js]
[www.ienergizerbpo.com/Default.html]
[www.ienergizerbpo.com/css/animate.css]
[www.ienergizerbpo.com/css/bootstrap.min.css]
[www.ienergizerbpo.com/fonts/fontawesome-webfont3e6e.eot]
[www.ienergizerbpo.com/fonts/fontawesome-webfontd41d.eot]
[www.ienergizerbpo.com/fonts/fontawesome-webfont3e6e.woff2]
[www.ienergizerbpo.com/fonts/fontawesome-webfont3e6e.woff]
[www.ienergizerbpo.com/fonts/fontawesome-webfont3e6e.ttf]
[www.ienergizerbpo.com/css/font-awesome.css]
[www.ienergizerbpo.com/css/jquery.fancybox.css]
[www.ienergizerbpo.com/css/map.css]
[www.ienergizerbpo.com/css/owl.carousel.css]
[www.ienergizerbpo.com/images/news_bg2.jpg]
[www.ienergizerbpo.com/images/our-ser-bgimg.png]
[www.ienergizerbpo.com/images/we-grow.jpg]
[www.ienergizerbpo.com/images/join-bg-img.jpg]
[www.ienergizerbpo.com/images/solution-bg.jpg]
[www.ienergizerbpo.com/images/iener-bgimg.jpg]
[www.ienergizerbpo.com/images/accountarrow.png]
[www.ienergizerbpo.com/images/strategic.png]
[www.ienergizerbpo.com/images/select-icon.png]
[www.ienergizerbpo.com/images/testimonial-bgimg.jpg]
[www.ienergizerbpo.com/images/ingaming-bgimg.jpg]
[www.ienergizerbpo.com/images/case-bgimg.jpg]
[www.ienergizerbpo.com/images/loader_bg.jpg]
[www.ienergizerbpo.com/images/colm-black.png]
[www.ienergizerbpo.com/images/colm-black-botm.png]
[www.ienergizerbpo.com/images/peopleimg.jpg]
[www.ienergizerbpo.com/images/ourservices-bgimg.jpg]
[www.ienergizerbpo.com/css/style.css]
[www.ienergizerbpo.com/images/bannerinner-solu.jpg]
[www.ienergizerbpo.com/images/files-analytics.png]
[www.ienergizerbpo.com/images/files-Solutions-Analytics.jpg]
[www.ienergizerbpo.com/images/files-Solution-Automation.jpg]
[www.ienergizerbpo.com/images/files-Automation.png]
[www.ienergizerbpo.com/images/files-Chat.png]
[www.ienergizerbpo.com/images/files-Solution-Chat.jpg]
[www.ienergizerbpo.com/images/files-Solution-Multilingual.jpg]
[www.ienergizerbpo.com/images/files-multilingual.png]
[www.ienergizerbpo.com/images/files-social-icon.png]
[www.ienergizerbpo.com/images/files-Solution-Social-Media.jpg]
[www.ienergizerbpo.com/images/files-Solution-Phone-Support.jpg]
[www.ienergizerbpo.com/images/files-phonesupport.png]
[www.ienergizerbpo.com/images/files-selfservice.png]
[www.ienergizerbpo.com/images/files-Solution-Self-Service.jpg]
[www.ienergizerbpo.com/solutions.html]
[www.ienergizerbpo.com/images/gmaingbanner.jpg]
[www.ienergizerbpo.com/images/files-gaming.jpg]
[www.ienergizerbpo.com/images/files-industries-technicalsupport.jpg]
[www.ienergizerbpo.com/images/files-account-gaming_2.jpg]
[www.ienergizerbpo.com/images/files-Moderation_1.jpg]
[www.ienergizerbpo.com/images/files-industries-solution-socialmedia.jpg]
[www.ienergizerbpo.com/images/files-industries-SolutionMultilingual.jpg]
[www.ienergizerbpo.com/images/files-sony-logo.png]
[www.ienergizerbpo.com/images/files-apply.png]
[www.ienergizerbpo.com/images/files-microsoft.png]
[www.ienergizerbpo.com/images/files-nintendo.png]
[www.ienergizerbpo.com/images/files-testinglogo.png]
[www.ienergizerbpo.com/images/files-mobile.png]
[www.ienergizerbpo.com/images/files-testservice_2.jpg]
[www.ienergizerbpo.com/images/files-mnoproject.jpg]
[www.ienergizerbpo.com/images/files-MMORPG-testing.jpg]
[www.ienergizerbpo.com/images/gerenal-srvc.jpg]
[www.ienergizerbpo.com/images/images-bpo-icon-white.png]
[www.ienergizerbpo.com/gaming.html]
[www.ienergizerbpo.com/images/bannerinner-cde.jpg]
[www.ienergizerbpo.com/images/files-Consumer-Durables.jpg]
[www.ienergizerbpo.com/consumer-durables-electronics.html]
[www.ienergizerbpo.com/images/automobilebanner.jpg]
[www.ienergizerbpo.com/images/files-voice-icon.png]
[www.ienergizerbpo.com/images/files-quality-icon.png]
[www.ienergizerbpo.com/images/files-happy-calling_0.png]
[www.ienergizerbpo.com/images/files-technical-satisfaction-feedback-calling.png]
[www.ienergizerbpo.com/images/files-service-satisfaction.png]
[www.ienergizerbpo.com/images/files-institutional-sales.png]
[www.ienergizerbpo.com/images/files-rural-sales_0.png]
[www.ienergizerbpo.com/images/files-training-function.png]
[www.ienergizerbpo.com/images/files-sales-consultant-awareness.png]
[www.ienergizerbpo.com/images/gaming-testingbgimg.jpg]
[www.ienergizerbpo.com/images/files-People.png]
[www.ienergizerbpo.com/images/files-IVR-Dynamic-Assistance.png]
[www.ienergizerbpo.com/images/files-IVR-Feedback.png]
[www.ienergizerbpo.com/images/files-Processes.png]
[www.ienergizerbpo.com/automobiles.html]
[www.ienergizerbpo.com/images/healthcarebanner_0.jpg]
[www.ienergizerbpo.com/images/files-healthcare-img_0.jpg]
[www.ienergizerbpo.com/images/files-offering-icon.png]
[www.ienergizerbpo.com/images/images-ourheath.jpg]
[www.ienergizerbpo.com/healthcare.html]
[www.ienergizerbpo.com/images/eCommerce-banner_0.jpg]
[www.ienergizerbpo.com/images/files-voice-icon_0.png]
[www.ienergizerbpo.com/images/files-quality-icon_0.png]
[www.ienergizerbpo.com/images/files-offering-icon_4.png]
[www.ienergizerbpo.com/images/files-approch-icon_0.png]
[www.ienergizerbpo.com/images/files-INBOUND.png]
[www.ienergizerbpo.com/images/files-BACKEND.png]
[www.ienergizerbpo.com/images/files-OUTBOUND.png]
[www.ienergizerbpo.com/images/files-IVR.png]
[www.ienergizerbpo.com/images/files-olineshopper.jpg]
[www.ienergizerbpo.com/images/files-sharesvalue.jpg]
[www.ienergizerbpo.com/images/files-customer-orientate_0.png]
[www.ienergizerbpo.com/images/files-loyal_0.png]
[www.ienergizerbpo.com/images/files-result-driven.png]
[www.ienergizerbpo.com/images/files-maximum-optimization.png]
[www.ienergizerbpo.com/images/files-solution-orientate.png]
[www.ienergizerbpo.com/images/files-Innovation_0.png]
[www.ienergizerbpo.com/images/files-interneteconnomy_0.jpg]
[www.ienergizerbpo.com/images/files-internetuser.jpg]
[www.ienergizerbpo.com/ecommerce.html]
[www.ienergizerbpo.com/images/bannerinner-th.jpg]
[www.ienergizerbpo.com/images/files-Travel-Hospitality.jpg]
[www.ienergizerbpo.com/images/files-unmatched-domain-expertise.png]
[www.ienergizerbpo.com/images/files-Integrated-Solutions.png]
[www.ienergizerbpo.com/images/files-Scalability.png]
[www.ienergizerbpo.com/images/files-flexible-pricing-models.png]
[www.ienergizerbpo.com/travel-and-hospitality.html]
[www.ienergizerbpo.com/images/telecom-banner_0.jpg]
[www.ienergizerbpo.com/images/files-telecom.jpg]
[www.ienergizerbpo.com/images/files-sale-support.png]
[www.ienergizerbpo.com/images/files-customer-care.png]
[www.ienergizerbpo.com/images/files-order-placement-support.png]
[www.ienergizerbpo.com/images/files-voc.png]
[www.ienergizerbpo.com/images/files-stafing-recommendations.png]
[www.ienergizerbpo.com/images/files-reviews-and-analysis.png]
[www.ienergizerbpo.com/images/files-qa-overimg_0.jpg]
[www.ienergizerbpo.com/telecom.html]
[www.ienergizerbpo.com/images/dhbanner.jpg]
[www.ienergizerbpo.com/images/files-dth-img.jpg]
[www.ienergizerbpo.com/images/files-customer-service_0.png]
[www.ienergizerbpo.com/images/files-review-renew.png]
[www.ienergizerbpo.com/images/files-service-support_0.png]
[www.ienergizerbpo.com/direct-home.html]
[www.ienergizerbpo.com/images/bannerinner-os.jpg]
[www.ienergizerbpo.com/images/files-customer-icon.png]
[www.ienergizerbpo.com/images/files-Customer-lifecycleoverview.jpg]
[www.ienergizerbpo.com/images/files-market-icon_0.png]
[www.ienergizerbpo.com/images/files-bos.jpg]
[www.ienergizerbpo.com/images/files-human-icon.png]
[www.ienergizerbpo.com/images/files-Service-human-resource-overview.jpg]
[www.ienergizerbpo.com/images/files-investor-icon.png]
[www.ienergizerbpo.com/images/files-service-Investor-overview.jpg]
[www.ienergizerbpo.com/images/files-market-icon.png]
[www.ienergizerbpo.com/images/files-service-marketoverview.jpg]
[www.ienergizerbpo.com/images/files-qa-icon.png]
[www.ienergizerbpo.com/images/files-Customer-lifecycleoverview_0.jpg]
[www.ienergizerbpo.com/images/files-sales-icon.png]
[www.ienergizerbpo.com/images/files-Service-Sales&Fullfillment-overview.jpg]
[www.ienergizerbpo.com/images/files-technical-icon.png]
[www.ienergizerbpo.com/images/files-Service-Technical-overview.jpg]
[www.ienergizerbpo.com/overview.html]
[www.ienergizerbpo.com/images/bannerinner-clm.jpg]
[www.ienergizerbpo.com/images/files-Back-office-support_0.jpg]
[www.ienergizerbpo.com/images/files-tool.jpg]
[www.ienergizerbpo.com/images/images-ranked.png]
[www.ienergizerbpo.com/images/images-supporting.png]
[www.ienergizerbpo.com/images/images-customer.png]
[www.ienergizerbpo.com/customer-lifecycle-management.html]
[www.ienergizerbpo.com/images/bannerinner-thank_1.jpg]
[www.ienergizerbpo.com/images/files-diverseportfolio.jpg]
[www.ienergizerbpo.com/back-office-support.html]
[www.ienergizerbpo.com/images/bannerinner-hro.jpg]
[www.ienergizerbpo.com/images/files-Service-human-resource-outsourcing.jpg]
[www.ienergizerbpo.com/human-resource-outsourcing.html]
[www.ienergizerbpo.com/images/bannerinner-ias.jpg]
[www.ienergizerbpo.com/images/files-service-Investor-share-owner-service.jpg]
[www.ienergizerbpo.com/images/images-srvc-icon6.png]
[www.ienergizerbpo.com/images/images-srvc-icon2.png]
[www.ienergizerbpo.com/images/images-srvc-icon3.png]
[www.ienergizerbpo.com/images/images-srvc-icon4.png]
[www.ienergizerbpo.com/images/images-srvc-icon5.png]
[www.ienergizerbpo.com/images/images-srvc-icon1.png]
[www.ienergizerbpo.com/images/images-srvc-icon9.png]
[www.ienergizerbpo.com/images/images-srvc-icon8.png]
[www.ienergizerbpo.com/images/images-srvc-icon10.png]
[www.ienergizerbpo.com/images/images-srvc-icon11.png]
[www.ienergizerbpo.com/images/images-srvc-icon12.png]
[www.ienergizerbpo.com/images/images-srvc-icon13.png]
[www.ienergizerbpo.com/images/images-srvc-icon14.png]
[www.ienergizerbpo.com/images/images-srvc-icon16.png]
[www.ienergizerbpo.com/images/images-srvc-icon15.png]
[www.ienergizerbpo.com/images/images-srvc-icon166.png]
[www.ienergizerbpo.com/images/images-srvc-icon17.png]
[www.ienergizerbpo.com/images/images-srvc-icon18.png]
[www.ienergizerbpo.com/images/images-srvc-icon19.png]
[www.ienergizerbpo.com/investor-and-shareowner-services.html]
[www.ienergizerbpo.com/images/bannerinner-mra.jpg]
[www.ienergizerbpo.com/images/files-Service-Market-Research.jpg]
[www.ienergizerbpo.com/images/files-education_0.png]
[www.ienergizerbpo.com/images/files-technology_0.png]
[www.ienergizerbpo.com/images/files-telecom_0.png]
[www.ienergizerbpo.com/images/files-software_0.png]
[www.ienergizerbpo.com/market-research-and-analytics.html]
[www.ienergizerbpo.com/images/salesbanner_0.jpg]
[www.ienergizerbpo.com/images/files-aqtesting.jpg]
[www.ienergizerbpo.com/qa-testing.html]
[www.ienergizerbpo.com/images/salesbanner.jpg]
[www.ienergizerbpo.com/images/files-calls-icon.png]
[www.ienergizerbpo.com/images/files-corporate-icon.png]
[www.ienergizerbpo.com/images/files-csat-icon.png]
[www.ienergizerbpo.com/images/files-Membership-icon.png]
[www.ienergizerbpo.com/images/files-Outbound-icon.png]
[www.ienergizerbpo.com/images/files-salestechnical-icon.png]
[www.ienergizerbpo.com/sales-and-fulfilment.html]
[www.ienergizerbpo.com/images/bannerinner-ts.jpg]
[www.ienergizerbpo.com/images/files-technicalinner.jpg]
[www.ienergizerbpo.com/images/files-Online-Gaming_0.png]
[www.ienergizerbpo.com/images/files-Consumer-Goods_0.png]
[www.ienergizerbpo.com/images/files-Telecommunications_0.png]
[www.ienergizerbpo.com/images/files-Financial-Services_0.png]
[www.ienergizerbpo.com/technical-support.html]
[www.ienergizerbpo.com/images/bannerinnerw.jpg]
[www.ienergizerbpo.com/images/files-whyus_0.jpg]
[www.ienergizerbpo.com/images/files-whyhealthcare.png]
[www.ienergizerbpo.com/images/files-whygaming-icon.png]
[www.ienergizerbpo.com/images/files-whylegal.png]
[www.ienergizerbpo.com/images/files-whypublishing.png]
[www.ienergizerbpo.com/images/files-whyother.png]
[www.ienergizerbpo.com/images/files-high-financial-value_0.png]
[www.ienergizerbpo.com/images/files-consistent-brand-alignment.png]
[www.ienergizerbpo.com/images/files-scalability-across-geographies.png]
[www.ienergizerbpo.com/images/files-rapid-service-deployment.png]
[www.ienergizerbpo.com/images/files-service-metric-excellence.png]
[www.ienergizerbpo.com/images/files-true-partnership-experience.png]
[www.ienergizerbpo.com/why-us.html]
[www.ienergizerbpo.com/images/expertsbanner.jpg]
[www.ienergizerbpo.com/images/files-Sachin-Vij.jpg]
[www.ienergizerbpo.com/images/files-Rajiv-Batra.jpg]
[www.ienergizerbpo.com/images/files-Jaya-Pillai.jpg]
[www.ienergizerbpo.com/images/files-Avneet-Singh-Ettan.jpg]
[www.ienergizerbpo.com/images/files-Saurabh-Bagga.jpg]
[www.ienergizerbpo.com/images/files-Ankur-Arora.jpg]
[www.ienergizerbpo.com/our-experts.html]
[www.ienergizerbpo.com/images/leadershipbanner.jpg]
[www.ienergizerbpo.com/images/files-Adarsh-Aggarwal_0.jpg]
[www.ienergizerbpo.com/images/files-Ashish-Madan_0.jpg]
[www.ienergizerbpo.com/images/files-Jayant-Goyal_0.jpg]
[www.ienergizerbpo.com/images/files-Prashant-Kapoor_0.jpg]
[www.ienergizerbpo.com/images/files-Bikramjit-Singh-Randhawa_0.jpg]
[www.ienergizerbpo.com/images/files-Sanjay.jpg]
[www.ienergizerbpo.com/images/files-sumit.jpg]
[www.ienergizerbpo.com/images/files-Bhupender_Mehta_0_2.jpg]
[www.ienergizerbpo.com/images/files-Sumit_Parmar_0.jpg]
[www.ienergizerbpo.com/leadership.html]
[www.ienergizerbpo.com/images/bannerinner.jpg]
[www.ienergizerbpo.com/images/files-aboutimg.jpg]
[www.ienergizerbpo.com/images/images-out-sourcing.png]
[www.ienergizerbpo.com/images/files-healthcare-icon_0.png]
[www.ienergizerbpo.com/images/files-publishing.png]
[www.ienergizerbpo.com/images/files-legal.png]
[www.ienergizerbpo.com/images/files-financial.png]
[www.ienergizerbpo.com/images/files-gaming_0.png]
[www.ienergizerbpo.com/images/images-year_of_est_icon.png]
[www.ienergizerbpo.com/images/images-empoly_icon.png]
[www.ienergizerbpo.com/images/images-delivery_icon.png]
[www.ienergizerbpo.com/images/solutions-service.jpg]
[www.ienergizerbpo.com/images/files-our-service-white.png]
[www.ienergizerbpo.com/images/indusrty-exp.jpg]
[www.ienergizerbpo.com/images/files-industry-expertise.png]
[www.ienergizerbpo.com/images/solutions-provider.jpg]
[www.ienergizerbpo.com/images/files-solutions-provider.png]
[www.ienergizerbpo.com/about-us.html]
[www.ienergizerbpo.com/images/careerbanner.jpg]
[www.ienergizerbpo.com/images/career-bgimg.jpg]
[www.ienergizerbpo.com/career.html]
[www.ienergizerbpo.com/images/contactbanner.jpg]
[www.ienergizerbpo.com/images/images-location-icon.png]
[www.ienergizerbpo.com/contact-us.html]
[www.ienergizerbpo.com/images/bannerinner-cornner.jpg]
[www.ienergizerbpo.com/images/files-employee-img.jpg]
[www.ienergizerbpo.com/images/ie-vibes-dsc-one_1.jpg]
[www.ienergizerbpo.com/images/files-ie-vibes-dsc-one_1.jpg]
[www.ienergizerbpo.com/images/ie-vibes-dsc_0.jpg]
[www.ienergizerbpo.com/images/files-ie-vibes-dsc_0.jpg]
[www.ienergizerbpo.com/images/ie-vibes-dsc-two_1.jpg]
[www.ienergizerbpo.com/images/files-ie-vibes-dsc-two_1.jpg]
[www.ienergizerbpo.com/images/cleanliness-drive.jpg]
[www.ienergizerbpo.com/images/files-cleanliness-drive.jpg]
[www.ienergizerbpo.com/images/cleanliness-drive-two.jpg]
[www.ienergizerbpo.com/images/files-cleanliness-drive-two.jpg]
[www.ienergizerbpo.com/images/independence-day-three.jpg]
[www.ienergizerbpo.com/images/files-independence-day-three.jpg]
[www.ienergizerbpo.com/images/independence-day-four.jpg]
[www.ienergizerbpo.com/images/files-independence-day-four.jpg]
[www.ienergizerbpo.com/images/independence-day-two.jpg]
[www.ienergizerbpo.com/images/files-independence-day-two.jpg]
[www.ienergizerbpo.com/images/independence-day-one.jpg]
[www.ienergizerbpo.com/images/files-independence-day-one.jpg]
[www.ienergizerbpo.com/images/independence-day.jpg]
[www.ienergizerbpo.com/images/files-independence-day.jpg]
[www.ienergizerbpo.com/images/VIBES-IE-BAND.jpg]
[www.ienergizerbpo.com/images/files-VIBES-IE-BAND.jpg]
[www.ienergizerbpo.com/images/VIBES-IE-BAND-one.jpg]
[www.ienergizerbpo.com/images/files-VIBES-IE-BAND-one.jpg]
[www.ienergizerbpo.com/images/VIBES-IE-BAND-two.jpg]
[www.ienergizerbpo.com/images/files-VIBES-IE-BAND-two.jpg]
[www.ienergizerbpo.com/images/fun-activity.jpg]
[www.ienergizerbpo.com/images/files-fun-activity.jpg]
[www.ienergizerbpo.com/images/fun-activity-one.jpg]
[www.ienergizerbpo.com/images/files-fun-activity-one.jpg]
[www.ienergizerbpo.com/images/kidsday.jpg]
[www.ienergizerbpo.com/images/files-kidsday.jpg]
[www.ienergizerbpo.com/images/kidsday-one.jpg]
[www.ienergizerbpo.com/images/files-kidsday-one.jpg]
[www.ienergizerbpo.com/images/kidsday-two.jpg]
[www.ienergizerbpo.com/images/files-kidsday-two.jpg]
[www.ienergizerbpo.com/images/battle-of-queen.jpg]
[www.ienergizerbpo.com/images/files-battle-of-queen.jpg]
[www.ienergizerbpo.com/images/battle-of-queen-one.jpg]
[www.ienergizerbpo.com/images/files-battle-of-queen-one.jpg]
[www.ienergizerbpo.com/images/battle-of-queen-two.jpg]
[www.ienergizerbpo.com/images/files-battle-of-queen-two.jpg]
[www.ienergizerbpo.com/employee-corner.html]
[www.ienergizerbpo.com/images/corporate-news.jpg]
[www.ienergizerbpo.com/images/files-core_awards_kapilpal.jpg]
[www.ienergizerbpo.com/images/files-award_2024.jpg]
[www.ienergizerbpo.com/images/files-asia_awd5.jpg]
[www.ienergizerbpo.com/corporate-news.html]
[www.ienergizerbpo.com/sites/default/files/our-ser-bgimg_0.html]
[www.ienergizerbpo.com/images/svg-analytics.svg]
[www.ienergizerbpo.com/images/svg-Automation.svg]
[www.ienergizerbpo.com/images/svg-Multilingual.svg]
[www.ienergizerbpo.com/images/svg-social.svg]
[www.ienergizerbpo.com/images/svg-SelfService.svg]
[www.ienergizerbpo.com/fonts/fontawesome-webfont3e6e.svg]
[www.ienergizerbpo.com/css/owl.video.play.html]
[www.ienergizerbpo.com/images/Social-Moderation_0.jpg]
[www.ienergizerbpo.com/social-media.html]
[www.ienergizerbpo.com/telecom-2.html]
[www.ienergizerbpo.com/automobiles-2.html]
[www.ienergizerbpo.com/eaf/Scripts/bootstrap.js]
[www.ienergizerbpo.com/eaf/Images/ie_logo.png]
[www.ienergizerbpo.com/eaf/images/noida.jpg]
[www.ienergizerbpo.com/eaf/images/dehradun.jpg]
[www.ienergizerbpo.com/eaf/images/gurugram.jpg]
[www.ienergizerbpo.com/eaf/images/bengaluru.jpg]
[www.ienergizerbpo.com/eaf/images/pune.jpg]
[www.ienergizerbpo.com/eaf/images/background.png]
[www.ienergizerbpo.com/eaf/location9f90.html]
[www.ienergizerbpo.com/sites/default/files/bannerinner-thank_0.html]
[www.ienergizerbpo.com/images/images-thnx-icon.html]
[www.ienergizerbpo.com/eaf/Content/bootstrap.css]
[www.ienergizerbpo.com/eaf/Content/EAF_style.css]
[www.ienergizerbpo.com/EAF/bundles/modernizr0cf5]
[www.ienergizerbpo.com/EAF/favicon.ico]
[cdn.jsdelivr.net/npm/bootstrap-icons@1.5.0/font/bootstrap-icons.css]
[www.ienergizerbpo.com/EAF/bundles/MsAjaxJs604f]
[www.ienergizerbpo.com/EAF/Scripts/jquery-3.6.0.min.js]
[www.ienergizerbpo.com/EAF/Scripts/bootstrap.min.js]
[www.ienergizerbpo.com/EAF/bundles/WebFormsJsa1eb]
[www.ienergizerbpo.com/EAF/Images/ie_logo-2.png]
[maxcdn.bootstrapcdn.com/bootstrap/4.0.0/css/bootstrap.min.css]
[www.ienergizerbpo.com/EAF/Images/Loading-small.gif]
[www.ienergizerbpo.com/EAF/images/background-2.png]
[www.ienergizerbpo.com/EAF/desktopc739.html]
[www.ienergizerbpo.com/EAF/desktop1ca3.html]
[www.ienergizerbpo.com/EAF/desktop1ab8.html]
[www.ienergizerbpo.com/EAF/desktop2916.html]
[www.ienergizerbpo.com/EAF/desktop56b2.html]
[www.ienergizerbpo.com/EAF/Content/cssd427.css]
[www.ienergizerbpo.com/EAF/BotDetectCaptcha7e0d.css]
[cdn.jsdelivr.net/npm/bootstrap-icons@1.5.0/font/fonts/bootstrap-icons63f3.woff2]
[cdn.jsdelivr.net/npm/bootstrap-icons@1.5.0/font/fonts/bootstrap-icons63f3.woff]
[cdn.jsdelivr.net/npm/bootstrap-icons@1.5.0/font/bootstrap-icons.css]
[www.ienergizerbpo.com/EAF/Content/EAF_style-2.css]
[www.ienergizerbpo.com/EAF/WebResourced55c.css]
[maxcdn.bootstrapcdn.com/bootstrap/4.0.0/css/bootstrap.min.css]
